// Jest Snapshot v1, https://goo.gl/fbAQLP

exports[`Counter Snapshot should matches DOM Snapshot 1`] = `
<div>
  <h1
    className="text-center mb-3"
    data-testid="counter-name"
  >
    Counter App
  </h1>
  <div
    className="inline-flex items-center w-full justify-center gap-3"
  >
    <button
      className="bg-blue-500 text-white px-4 py-2 rounded"
      data-testid="decCount"
      onClick={[Function]}
    >
      -
    </button>
    <div
      className="bg-gray-200 px-2 py-1 rounded text-lg"
      data-testid="count"
    >
      0
    </div>
    <button
      className="bg-blue-500 text-white px-4 py-2 rounded"
      data-testid="incCount"
      onClick={[Function]}
    >
      +
    </button>
  </div>
</div>
`;
